// Jest Snapshot v1, https://goo.gl/fbAQLP

exports[`Profile Component should match snapshot 1`] = `ReactWrapper {}`;
