// Jest Snapshot v1, https://goo.gl/fbAQLP

exports[`Layout Component should match snapshot 1`] = `null`;
