// Jest Snapshot v1, https://goo.gl/fbAQLP

exports[`Options Page should match snapshot 1`] = `null`;
