// Jest Snapshot v1, https://goo.gl/fbAQLP

exports[`Navigation Component should match snapshot 1`] = `null`;
