// Jest Snapshot v1, https://goo.gl/fbAQLP

exports[`Confirmation Component should match snapshot 1`] = `ReactWrapper {}`;
