// Jest Snapshot v1, https://goo.gl/fbAQLP

exports[`Following Component should match snapshot 1`] = `null`;
