// Jest Snapshot v1, https://goo.gl/fbAQLP

exports[`FormInput Component should match snapshot 1`] = `ReactWrapper {}`;
