// Jest Snapshot v1, https://goo.gl/fbAQLP

exports[`NotUnFollowed Component should match snapshot 1`] = `ReactWrapper {}`;
