// Jest Snapshot v1, https://goo.gl/fbAQLP

exports[`SearchResults Component should match snapshot 1`] = `ReactWrapper {}`;
