// Jest Snapshot v1, https://goo.gl/fbAQLP

exports[`SignIn Component should match snapshot 1`] = `ReactWrapper {}`;
