// Jest Snapshot v1, https://goo.gl/fbAQLP

exports[`SignUp Component should match snapshot 1`] = `ReactWrapper {}`;
