// Jest Snapshot v1, https://goo.gl/fbAQLP

exports[`Unfollow Component should match snapshot 1`] = `null`;
