// Jest Snapshot v1, https://goo.gl/fbAQLP

exports[`User Component should match snapshot 1`] = `ReactWrapper {}`;
